// Jest Snapshot v1, https://goo.gl/fbAQLP

exports[`Button Component renders button component 1`] = `
<button
  className="f-button f-button-default f-button-ripple"
>
  <span
    className=""
  >
    Primary
  </span>
</button>
`;
